(eval):1: command not found: pdflatex
